// Jest Snapshot v1, https://goo.gl/fbAQLP

exports[`renders without crashing 1`] = `
<div
  className="chessTable"
>
  <div
    className="chessSquare light"
  >
     
  </div>
  <div
    className="chessSquare dark"
  >
     
  </div>
  <div
    className="chessSquare light"
  >
     
  </div>
  <div
    className="chessSquare dark"
  >
     
  </div>
  <div
    className="chessSquare light"
  >
     
  </div>
  <div
    className="chessSquare dark"
  >
     
  </div>
  <div
    className="chessSquare light"
  >
     
  </div>
  <div
    className="chessSquare dark"
  >
     
  </div>
  <div
    className="chessSquare dark"
  >
     
  </div>
  <div
    className="chessSquare light"
  >
     
  </div>
  <div
    className="chessSquare dark"
  >
     
  </div>
  <div
    className="chessSquare light"
  >
     
  </div>
  <div
    className="chessSquare dark"
  >
     
  </div>
  <div
    className="chessSquare light"
  >
     
  </div>
  <div
    className="chessSquare dark"
  >
     
  </div>
  <div
    className="chessSquare light"
  >
     
  </div>
  <div
    className="chessSquare light"
  >
     
  </div>
  <div
    className="chessSquare dark"
  >
     
  </div>
  <div
    className="chessSquare light"
  >
     
  </div>
  <div
    className="chessSquare dark"
  >
     
  </div>
  <div
    className="chessSquare light"
  >
     
  </div>
  <div
    className="chessSquare dark"
  >
     
  </div>
  <div
    className="chessSquare light"
  >
     
  </div>
  <div
    className="chessSquare dark"
  >
     
  </div>
  <div
    className="chessSquare dark"
  >
     
  </div>
  <div
    className="chessSquare light"
  >
     
  </div>
  <div
    className="chessSquare dark"
  >
     
  </div>
  <div
    className="chessSquare light"
  >
     
  </div>
  <div
    className="chessSquare dark"
  >
     
  </div>
  <div
    className="chessSquare light"
  >
     
  </div>
  <div
    className="chessSquare dark"
  >
     
  </div>
  <div
    className="chessSquare light"
  >
     
  </div>
  <div
    className="chessSquare light"
  >
     
  </div>
  <div
    className="chessSquare dark"
  >
     
  </div>
  <div
    className="chessSquare light"
  >
     
  </div>
  <div
    className="chessSquare dark"
  >
     
  </div>
  <div
    className="chessSquare light"
  >
     
  </div>
  <div
    className="chessSquare dark"
  >
     
  </div>
  <div
    className="chessSquare light"
  >
     
  </div>
  <div
    className="chessSquare dark"
  >
     
  </div>
  <div
    className="chessSquare dark"
  >
     
  </div>
  <div
    className="chessSquare light"
  >
     
  </div>
  <div
    className="chessSquare dark"
  >
     
  </div>
  <div
    className="chessSquare light"
  >
     
  </div>
  <div
    className="chessSquare dark"
  >
     
  </div>
  <div
    className="chessSquare light"
  >
     
  </div>
  <div
    className="chessSquare dark"
  >
     
  </div>
  <div
    className="chessSquare light"
  >
     
  </div>
  <div
    className="chessSquare light"
  >
     
  </div>
  <div
    className="chessSquare dark"
  >
     
  </div>
  <div
    className="chessSquare light"
  >
     
  </div>
  <div
    className="chessSquare dark"
  >
     
  </div>
  <div
    className="chessSquare light"
  >
     
  </div>
  <div
    className="chessSquare dark"
  >
     
  </div>
  <div
    className="chessSquare light"
  >
     
  </div>
  <div
    className="chessSquare dark"
  >
     
  </div>
  <div
    className="chessSquare dark"
  >
     
  </div>
  <div
    className="chessSquare light"
  >
     
  </div>
  <div
    className="chessSquare dark"
  >
     
  </div>
  <div
    className="chessSquare light"
  >
     
  </div>
  <div
    className="chessSquare dark"
  >
     
  </div>
  <div
    className="chessSquare light"
  >
     
  </div>
  <div
    className="chessSquare dark"
  >
     
  </div>
  <div
    className="chessSquare light"
  >
     
  </div>
</div>
`;
